[Planner Agent] Planning project tasks...
[Planner Agent] Task planning completed.
[Backend Agent] Generating multi-file backend project...
[Reviewer Agent] Reviewing generated backend code...
[Planner Agent] Planning project tasks...
[Planner Agent] Task planning completed.
[Backend Agent] Generating multi-file backend project...
[Reviewer Agent] Reviewing generated backend code...
[Reviewer Agent] No backend code found.
[Fix Agent] Improving backend code...
[Planner Agent] Planning project tasks...
[Planner Agent] Task planning completed.
[Backend Agent] Generating multi-file backend project...
[Reviewer Agent] Reviewing generated backend code...
[Reviewer Agent] No backend code found.
[Fix Agent] Improving backend code...
[Fix Agent] No backend code found.
[Debug Agent] Installing project dependencies...
[Debug Agent] Dependency installation failed.
[Test Agent] Testing API endpoints...
[Test Agent] API test failed. Retry count: 0
[Fix Agent] Improving backend code...
[Terminal Agent] Executing terminal operations...
[Fix Agent] No backend code found.
[Terminal Agent] Executed: mkdir -p generated_projects/runtime_logs
[Terminal Agent] Executed: touch generated_projects/runtime_logs/server.log
[Planner Agent] Planning project tasks...
[Planner Agent] Task planning completed.
[Backend Agent] Generating multi-file backend project...
[Backend Agent] Created file: main.py
[Backend Agent] Created file: auth.py
[Backend Agent] Created file: database.py
[Backend Agent] Created file: models.py
[Backend Agent] Created file: routes.py
[Backend Agent] Created file: requirements.txt
[Backend Agent] Backend generation completed.
[Reviewer Agent] Reviewing generated backend code...
[Reviewer Agent] Code review completed.
[Fix Agent] Improving backend code...
[Fix Agent] Backend improvements completed.
[Debug Agent] Installing project dependencies...
[Debug Agent] Dependencies installed successfully.
[Debug Agent] Launching FastAPI server...
[Debug Agent] Errors detected. Attempting automatic fixes...
[Debug Agent] Debugging completed and fixed code saved.
[Test Agent] Testing API endpoints...
[Test Agent] API test failed. Retry count: 0
[Terminal Agent] Executing terminal operations...
[Fix Agent] Improving backend code...
[Terminal Agent] Executed: mkdir -p generated_projects/runtime_logs
[Terminal Agent] Executed: touch generated_projects/runtime_logs/server.log
[Terminal Agent] Terminal operations completed.
[Fix Agent] Backend improvements completed.
[Debug Agent] Installing project dependencies...
[Docker Agent] Generating Docker configuration...
[Docker Agent] Docker files generated successfully.
[Debug Agent] Dependencies installed successfully.
[Debug Agent] Launching FastAPI server...
[Debug Agent] Errors detected. Attempting automatic fixes...
[Debug Agent] Debugging completed and fixed code saved.
[Test Agent] Testing API endpoints...
[Frontend Agent] Generating React frontend...
[Test Agent] API test failed. Retry count: 1
[Frontend Agent] Created file: App.jsx
[Frontend Agent] Created file: components/Navbar.jsx
[Frontend Agent] Created file: pages/Home.jsx
[Frontend Agent] Created file: pages/Login.jsx
[Frontend Agent] Created file: services/api.js
[Frontend Agent] Created file: package.json
[Frontend Agent] Created file: vite.config.js
[Frontend Agent] Frontend generation completed.
[Terminal Agent] Executing terminal operations...
[README Agent] Generating project documentation...
[Terminal Agent] Executed: mkdir -p generated_projects/runtime_logs
[Terminal Agent] Executed: touch generated_projects/runtime_logs/server.log
[Terminal Agent] Terminal operations completed.
[README Agent] README generated successfully.
[Docker Agent] Generating Docker configuration...
[GitHub Agent] Initializing repository...
[Docker Agent] Docker files generated successfully.
[GitHub Agent] Executed: cd generated_projects && git init
[GitHub Agent] Executed: cd generated_projects && git add .
[GitHub Agent] Executed: cd generated_projects && git commit -m "AI generated full-stack project"
[GitHub Agent] Repository initialized successfully.
[Frontend Agent] Generating React frontend...
[CI/CD Agent] Generating GitHub Actions pipeline...
[CI/CD Agent] CI/CD workflow generated successfully.
[Frontend Agent] Created file: App.jsx
[Frontend Agent] Created file: components/Navbar.jsx
[Frontend Agent] Created file: pages/Home.jsx
[Frontend Agent] Created file: pages/Login.jsx
[Frontend Agent] Created file: services/api.js
[Frontend Agent] Created file: services/auth.js
[Frontend Agent] Created file: package.json
[Frontend Agent] Created file: vite.config.js
[Frontend Agent] Frontend generation completed.
[README Agent] Generating project documentation...
[Deploy Agent] Preparing cloud deployment configuration...
[Deploy Agent] Render deployment configuration generated.
[README Agent] README generated successfully.
[GitHub Agent] Initializing repository...
[GitHub Agent] Executed: cd generated_projects && git init
[GitHub Agent] Executed: cd generated_projects && git add .
[GitHub Agent] Executed: cd generated_projects && git commit -m "AI generated full-stack project"
[GitHub Agent] Repository initialized successfully.
[CI/CD Agent] Generating GitHub Actions pipeline...
[CI/CD Agent] CI/CD workflow generated successfully.
[Deploy Agent] Preparing cloud deployment configuration...
[Deploy Agent] Render deployment configuration generated.
